C:\Users\bulkg\OneDrive\Documents\Projects\fat_llama\.venv\Scripts\python.exe: No module named pytest
